// Jest Snapshot v1, https://goo.gl/fbAQLP

exports[`PanelVerify tests basic tests matches the snapshot 1`] = `
.c12 {
  box-sizing: border-box;
  font-family: Poppins,sans-serif;
  font-weight: 400;
  -webkit-font-smoothing: antialiased;
  margin: 0;
}

.c11 {
  font-size: 48px;
}

.c15 {
  box-sizing: border-box;
  font-family: Poppins,sans-serif;
  font-weight: 400;
  -webkit-font-smoothing: antialiased;
  margin: 0;
}

.c14 {
  font-size: 40px;
}

.c26 {
  --brand-color-subtle: #fb542b1a;
  --brand-color-hover: #ff977d;
  --brand-color-main: #ff7654;
  --brand-color-pressed: #FB542B;
  --brand-style-focus-shadow: 0 0 0 4px #ff765466;
  --icon-size: 18px;
  --icon-spacing: 6px;
  --webkit-appearance: none;
  box-sizing: border-box;
  background: none;
  border: none;
  outline-color: transparent;
  display: -webkit-box;
  display: -webkit-flex;
  display: -ms-flexbox;
  display: flex;
  -webkit-flex-direction: row-reverse;
  -ms-flex-direction: row-reverse;
  flex-direction: row-reverse;
  -webkit-box-pack: center;
  -webkit-justify-content: center;
  -ms-flex-pack: center;
  justify-content: center;
  -webkit-align-items: center;
  -webkit-box-align: center;
  -ms-flex-align: center;
  align-items: center;
  font-family: Muli,sans-serif;
  cursor: pointer;
  -webkit-user-select: none;
  -moz-user-select: none;
  -ms-user-select: none;
  user-select: none;
  font-size: 16px;
  border-radius: 28px;
  width: 100%;
  min-width: 235px;
  padding: 19px 15px;
  opacity: none;
}

.c25 {
  color: #fff;
  background: var(--brand-color-main);
}

.c25:hover:enabled {
  background: var(--brand-color-hover);
}

.c25:focus:enabled {
  background: var(--brand-color-main);
  box-shadow: var(--brand-style-focus-shadow);
}

.c25:active:enabled {
  background: var(--brand-color-main);
  box-shadow: var(--brand-style-focus-shadow);
}

.c27 {
  min-height: var(--icon-size);
  display: -webkit-box;
  display: -webkit-flex;
  display: -ms-flexbox;
  display: flex;
  -webkit-align-items: center;
  -webkit-box-align: center;
  -ms-flex-align: center;
  align-items: center;
  text-align: center;
  -webkit-letter-spacing: 0;
  -moz-letter-spacing: 0;
  -ms-letter-spacing: 0;
  letter-spacing: 0;
  font-weight: 700;
  text-transform: uppercase;
  line-height: 1;
}

.c3 {
  font-family: Poppins,sans-serif;
  background-image: linear-gradient(180deg,#4C54D2 0%,#563195 100%);
  padding: 42px 42px 30px;
  margin: -48px;
  position: relative;
}

.c4 {
  position: absolute;
  top: 20px;
  right: 20px;
  cursor: pointer;
  width: 15px;
  height: 15px;
  color: #FFFFFF;
}

.c6 {
  margin-bottom: 40px;
  padding-left: 26px;
}

.c7 {
  display: inline-block;
  vertical-align: middle;
  width: 50px;
  height: 50px;
}

.c9 {
  vertical-align: middle;
  display: inline-block;
  padding-left: 22px;
}

.c10 {
  color: #FFFFFF;
  font-size: 22px;
  line-height: 24px;
  font-weight: 600;
}

.c13 {
  color: #FFFFFF;
  font-family: Muli,sans-serif;
  font-size: 14px;
  line-height: 24px;
}

.c16 {
  font-weight: 600;
  font-size: 17px;
  line-height: 25px;
  padding: 0 0 0 36px;
  color: #FFFFFF;
  margin-bottom: -7px;
}

.c19 {
  color: hsla(0,0%,100%,0.85);
  margin: 17px 0;
}

.c20 {
  display: inline-block;
  width: 24px;
  height: 24px;
  vertical-align: top;
}

.c22 {
  vertical-align: middle;
  font-family: Muli,sans-serif;
  font-size: 15px;
  line-height: 20px;
  display: inline-block;
  width: calc(100% - 30px);
  padding-left: 12px;
}

.c24 {
  padding: 11px 40px;
  width: auto;
  min-height: auto;
  margin-top: -20px;
}

.c28 {
  font-family: Muli,sans-serif;
  font-size: 12px;
  color: hsla(0,0%,100%,0.7);
  margin-top: 32px;
}

.c29 {
  display: inline-block;
  vertical-align: middle;
  width: 20px;
  height: 20px;
}

.c17 {
  display: -webkit-box;
  display: -webkit-flex;
  display: -ms-flexbox;
  display: flex;
  margin-bottom: 10px;
}

.c18 {
  width: 50%;
  padding-right: 10px;
}

.c23 {
  width: 50%;
  padding-left: 40px;
}

.c31 {
  font-family: Muli,sans-serif;
  font-size: 12px;
  line-height: 20px;
  color: hsla(0,0%,100%,0.7);
  margin-top: 15px;
}

.c5 {
  width: 100%;
  height: 100%;
  fill: currentColor;
}

.c21 {
  width: 100%;
  height: 100%;
  fill: currentColor;
}

.c8 {
  width: 100%;
  height: 100%;
  fill: currentColor;
}

.c30 {
  width: 100%;
  height: 100%;
  fill: currentColor;
}

.c0 {
  position: fixed;
  top: 0;
  left: 0;
  width: 100%;
  height: 100vh;
  background: rgba(12,13,33,0.85);
  z-index: 99;
  padding: 0 20px;
  overflow: hidden;
}

.c1 {
  max-width: 666px;
  margin: 52px auto;
  background: #fff;
  border-radius: 6px;
  overflow: hidden;
  position: relative;
}

.c2 {
  padding: 48px 48px;
  overflow-y: auto;
  max-height: calc(100vh - 100px);
}

<div
  className="c0"
  id="panel-verify"
  onClick={[Function]}
>
  <div
    className="c1"
    size="small"
  >
    <div
      className="c2"
    >
      <div
        className="c3"
        id="panel-verify"
      >
        <div
          className="c4"
        >
          <svg
            aria-hidden="true"
            className="c5"
            focusable="false"
            viewBox="0 0 32 32"
          >
            <path
              d="M28.71 27.29L17.41 16l11.3-11.29a1 1 0 1 0-1.42-1.42L16 14.59 4.71 3.29a1 1 0 0 0-1.42 1.42L14.59 16 3.29 27.29a1 1 0 0 0 0 1.42 1 1 0 0 0 1.42 0L16 17.41l11.29 11.3a1 1 0 0 0 1.42 0 1 1 0 0 0 0-1.42z"
            />
          </svg>
        </div>
        <div
          className="c6"
        >
          <div
            className="c7"
          >
            <svg
              aria-hidden="true"
              className="c8"
              focusable="false"
              viewBox="0 0 32 32"
            >
              <defs>
                <path
                  d="M.003.032h23.21V23H.002z"
                  id="rewards-a"
                />
              </defs>
              <g
                fill="none"
                fillRule="evenodd"
              >
                <g
                  transform="translate(6.755 4.5)"
                >
                  <mask
                    fill="#fff"
                    id="rewards-b"
                  >
                    <use
                      xlinkHref="#rewards-a"
                    />
                  </mask>
                  <path
                    d="M22.157 16.214a.525.525 0 0 1-.527.522h-3.693a2.1 2.1 0 0 1-2.11-2.088c0-1.151.946-2.088 2.11-2.088h3.693c.29 0 .527.234.527.522v3.132zm-2.11 5.742H2.11a1.051 1.051 0 0 1-1.055-1.044V8.384c0-.575.474-1.044 1.055-1.044h17.937c.582 0 1.055.469 1.055 1.044v3.132h-3.165c-1.746 0-3.166 1.405-3.166 3.132s1.42 3.132 3.166 3.132h3.165v3.132a1.05 1.05 0 0 1-1.055 1.044zm-5.195-20.74a1.03 1.03 0 0 1 .783-.105c.27.072.495.244.634.485l.001.002-8.156 4.698H6.031l8.82-5.08zm2.987 3.094l1.15 1.986H14.39l3.448-1.986zm-7.628 1.986l6.583-3.792.521.9-5.021 2.892H10.21zm11.946 5.316V8.384c0-1.094-.858-1.984-1.942-2.07l-3.03-5.237a2.082 2.082 0 0 0-1.277-.974 2.092 2.092 0 0 0-1.587.21L3.934 6.296H2.11C.946 6.296 0 7.233 0 8.384v12.528A2.1 2.1 0 0 0 2.11 23h17.937a2.1 2.1 0 0 0 2.11-2.088v-3.228a1.565 1.565 0 0 0 1.055-1.47v-3.132c0-.68-.442-1.253-1.055-1.47z"
                    fill="#A1A8F2"
                    mask="url(#rewards-b)"
                  />
                </g>
                <path
                  d="M24.132 18.176a.939.939 0 0 0-.943.932c0 .514.423.933.943.933s.942-.419.942-.933a.939.939 0 0 0-.942-.932"
                  fill="#A1A8F2"
                />
                <g
                  transform="translate(2 8.682)"
                >
                  <ellipse
                    cx="6.34"
                    cy="6.273"
                    fill="#1BBA6A"
                    rx="6.34"
                    ry="6.273"
                  />
                  <path
                    d="M2.635 6.502l.462-.729 2.583 1.51 3.968-3.307.517.694L5.68 9.827z"
                    fill="#FFF"
                  />
                </g>
              </g>
            </svg>
          </div>
          <div
            className="c9"
          >
            <h1
              className="c10 c11 c12"
            >
              MISSING: walletVerificationTitle1
            </h1>
            <h2
              className="c13 c14 c15"
            >
              MISSING: walletVerificationTitle2
            </h2>
          </div>
        </div>
        <h1
          className="c16 c11 c12"
        >
          MISSING: walletVerificationListHeader
        </h1>
        <div
          className="c17"
        >
          <div
            className="c18"
          >
            <div
              className="c19"
            >
              <div
                className="c20"
              >
                <svg
                  aria-hidden="true"
                  className="c21"
                  focusable="false"
                  viewBox="0 0 32 32"
                >
                  <g
                    fill="none"
                    fillRule="evenodd"
                    transform="translate(2 2)"
                  >
                    <circle
                      cx="14"
                      cy="14"
                      fill="#FFF"
                      r="14"
                    />
                    <path
                      d="M5.818 14.512l1.02-1.627 5.704 3.37 8.764-7.381 1.143 1.548-9.907 11.511z"
                      fill="#A1A8F2"
                    />
                  </g>
                </svg>
              </div>
              <div
                className="c22"
              >
                MISSING: walletVerificationList1
              </div>
            </div>
            <div
              className="c19"
            >
              <div
                className="c20"
              >
                <svg
                  aria-hidden="true"
                  className="c21"
                  focusable="false"
                  viewBox="0 0 32 32"
                >
                  <g
                    fill="none"
                    fillRule="evenodd"
                    transform="translate(2 2)"
                  >
                    <circle
                      cx="14"
                      cy="14"
                      fill="#FFF"
                      r="14"
                    />
                    <path
                      d="M5.818 14.512l1.02-1.627 5.704 3.37 8.764-7.381 1.143 1.548-9.907 11.511z"
                      fill="#A1A8F2"
                    />
                  </g>
                </svg>
              </div>
              <div
                className="c22"
              >
                MISSING: walletVerificationList2
              </div>
            </div>
            <div
              className="c19"
            >
              <div
                className="c20"
              >
                <svg
                  aria-hidden="true"
                  className="c21"
                  focusable="false"
                  viewBox="0 0 32 32"
                >
                  <g
                    fill="none"
                    fillRule="evenodd"
                    transform="translate(2 2)"
                  >
                    <circle
                      cx="14"
                      cy="14"
                      fill="#FFF"
                      r="14"
                    />
                    <path
                      d="M5.818 14.512l1.02-1.627 5.704 3.37 8.764-7.381 1.143 1.548-9.907 11.511z"
                      fill="#A1A8F2"
                    />
                  </g>
                </svg>
              </div>
              <div
                className="c22"
              >
                MISSING: walletVerificationList3
              </div>
            </div>
          </div>
          <div
            className="c23"
          >
            <button
              className="c24 c25 c26"
              id="on-boarding-verify-button"
              size="call-to-action"
            >
              <div
                className="c27"
                size="call-to-action"
              >
                MISSING: walletVerificationButton
              </div>
            </button>
            <div
              className="c28"
            >
              MISSING: walletVerificationFooter
               
              <b>
                Uphold
              </b>
              <div
                className="c29"
              >
                <svg
                  aria-hidden="true"
                  className="c30"
                  focusable="false"
                  viewBox="0 0 32 32"
                >
                  <defs>
                    <linearGradient
                      gradientTransform="matrix(18 0 0 -22 6834 12848)"
                      gradientUnits="userSpaceOnUse"
                      id="a"
                      x1="-378.78"
                      x2="-378.78"
                      y1="583.86"
                      y2="582.86"
                    >
                      <stop
                        offset="0"
                        stopColor="#78be06"
                      />
                      <stop
                        offset="1"
                        stopColor="#ff523c"
                      />
                    </linearGradient>
                    <linearGradient
                      gradientTransform="matrix(14 0 0 -19 5226 11171)"
                      gradientUnits="userSpaceOnUse"
                      id="b"
                      x1="-372.29"
                      x2="-372.29"
                      y1="587.63"
                      y2="586.66"
                    >
                      <stop
                        offset="0"
                        stopColor="#fab406"
                      />
                      <stop
                        offset="1"
                        stopColor="#fa5235"
                      />
                    </linearGradient>
                    <linearGradient
                      gradientTransform="matrix(-14 0 0 -19 -6012 11171)"
                      gradientUnits="userSpaceOnUse"
                      id="c"
                      x1="-430.71"
                      x2="-430.71"
                      y1="587.63"
                      y2="586.66"
                    >
                      <stop
                        offset="0"
                        stopColor="#3d58d0"
                      />
                      <stop
                        offset="1"
                        stopColor="#78b81b"
                      />
                    </linearGradient>
                  </defs>
                  <path
                    d="M13.21 28.51a1 1 0 0 1 .67-1.89 6.1 6.1 0 0 0 4.24 0 1 1 0 0 1 .67 1.89 8.19 8.19 0 0 1-5.58 0z"
                    fill="#ff523c"
                  />
                  <path
                    d="M16 25c-5 0-9-5-9-11s4-11 9-11 9 5 9 11-4 11-9 11zm0-2c3.81 0 7-4 7-9s-3.19-9-7-9-7 4-7 9 3.19 9 7 9z"
                    fill="url(#a)"
                  />
                  <path
                    d="M16 25c-5 0-9-5-9-11 0-.25 0-.66.07-1.19a13.81 13.81 0 0 1 .47-2.58C8.27 7.66 9.69 6 12 6c4.74 0 9 5.14 9 11 0 5.13-2.2 8-5 8zm0-2c1.56 0 3-1.88 3-6 0-4.83-3.45-9-7-9-1.19 0-2 1-2.54 2.77a12.53 12.53 0 0 0-.4 2.23A9.51 9.51 0 0 0 9 14c0 5 3.19 9 7 9z"
                    fill="url(#b)"
                  />
                   
                  <path
                    d="M16 25c5 0 9-5 9-11 0-.25 0-.66-.07-1.19a13.81 13.81 0 0 0-.47-2.58C23.73 7.66 22.31 6 20 6c-4.74 0-9 5.14-9 11 0 5.13 2.2 8 5 8zm0-2c-1.56 0-3-1.88-3-6 0-4.83 3.45-9 7-9 1.19 0 2 1 2.54 2.77a12.53 12.53 0 0 1 .4 2.23 9.51 9.51 0 0 1 .06 1c0 5-3.19 9-7 9z"
                    fill="url(#c)"
                  />
                </svg>
              </div>
            </div>
            <div
              className="c31"
            >
              MISSING: walletVerificationNote1
              <br />
              <br />
              MISSING: walletVerificationNote2
            </div>
          </div>
        </div>
      </div>
    </div>
  </div>
</div>
`;
