// Jest Snapshot v1, https://goo.gl/fbAQLP

exports[`contentToggle tests matches the snapshot 1`] = `
<div
  className="sc-bdVaJa iZymIP"
  id="testContentToggle"
  open={undefined}
>
  <div
    className="sc-bwzfXH hwZXDk"
    id="testContentToggleControl"
    onClick={[Function]}
    open={undefined}
  >
    <div
      className="sc-htpNat gnOXKr"
    >
      testSummary
    </div>
  </div>
  <div
    className="sc-bxivhb hUyKvu"
    open={undefined}
  />
</div>
`;
