// Jest Snapshot v1, https://goo.gl/fbAQLP

exports[`MainToggle tests basic tests matches the snapshot 1`] = `
.c0 {
  font-family: Poppins,sans-serif;
  position: relative;
  display: -webkit-box;
  display: -webkit-flex;
  display: -ms-flexbox;
  display: flex;
  width: 100%;
  border-radius: 6px;
  background-color: #dee2e6;
  border: 1px solid #dbdfe3;
  -webkit-box-pack: justify;
  -webkit-justify-content: space-between;
  -ms-flex-pack: justify;
  justify-content: space-between;
  -webkit-align-items: flex-start;
  -webkit-box-align: flex-start;
  -ms-flex-align: flex-start;
  align-items: flex-start;
  -webkit-align-content: flex-start;
  -ms-flex-line-pack: start;
  align-content: flex-start;
  -webkit-flex-wrap: wrap;
  -ms-flex-wrap: wrap;
  flex-wrap: wrap;
  padding: 22px 34px 18px;
  margin-bottom: 25px;
}

.c1 {
  -webkit-box-flex: 1;
  -webkit-flex-grow: 1;
  -ms-flex-positive: 1;
  flex-grow: 1;
  -webkit-flex-shrink: 1;
  -ms-flex-negative: 1;
  flex-shrink: 1;
  display: -webkit-box;
  display: -webkit-flex;
  display: -ms-flexbox;
  display: flex;
}

.c4 {
  padding: 10px 0 0;
  display: -webkit-box;
  display: -webkit-flex;
  display: -ms-flexbox;
  display: flex;
}

.c2 {
  font-size: 28px;
  font-weight: 600;
  -webkit-letter-spacing: 0.2px;
  -moz-letter-spacing: 0.2px;
  -ms-letter-spacing: 0.2px;
  letter-spacing: 0.2px;
  color: #4b4c5c;
  margin: 4px 0 0 11px;
}

.c3 {
  font-size: 10px;
  font-weight: 300;
  -webkit-letter-spacing: 0.2px;
  -moz-letter-spacing: 0.2px;
  -ms-letter-spacing: 0.2px;
  letter-spacing: 0.2px;
  text-align: center;
  color: #222326;
  vertical-align: text-top;
}

.c11 {
  font-size: 22px;
  line-height: 1.27;
  color: #4b4c5c;
  margin-top: 40px;
}

.c12 {
  font-family: Muli,sans-serif;
  font-size: 16px;
  font-weight: 300;
  line-height: 1.75;
  color: #838391;
}

.c10 {
  -webkit-flex-basis: 100%;
  -ms-flex-preferred-size: 100%;
  flex-basis: 100%;
}

.c5 {
  display: -webkit-box;
  display: -webkit-flex;
  display: -ms-flexbox;
  display: flex;
}

.c7 {
  position: relative;
  display: block;
  height: 24px;
  width: 40px;
}

.c8 {
  background: #A7ACB2;
  height: 8px;
  margin-top: 8px;
  width: 100%;
  border-radius: 3px;
}

.c9 {
  position: relative;
  z-index: 2;
  border-radius: 50%;
  -webkit-transition: 200ms ease-out;
  transition: 200ms ease-out;
  --toggle-bullet-size: 24px;
  --toggle-bullet-transform: translate(-1px,calc(-50% - 4px));
  --toggle-bullet-background: #CDD1D5;
  width: var(--toggle-bullet-size);
  height: var(--toggle-bullet-size);
  -webkit-transform: var(--toggle-bullet-transform);
  -ms-transform: var(--toggle-bullet-transform);
  transform: var(--toggle-bullet-transform);
  background-color: var(--toggle-bullet-background);
}

.c6 {
  color: #838391;
  font-size: 14px;
  font-family: Poppins,sans-serif;
  text-align: right;
  -webkit-letter-spacing: 0.4px;
  -moz-letter-spacing: 0.4px;
  -ms-letter-spacing: 0.4px;
  letter-spacing: 0.4px;
  text-transform: uppercase;
  margin: 4px 8px 0 0;
  opacity: 1;
  -webkit-transition: 100ms ease-out;
  transition: 100ms ease-out;
}

<div
  className="c0"
  id="mainToggle"
>
  <div
    className="c1"
  >
    <span>
      <svg
        height="48"
        width="50"
        xmlns="http://www.w3.org/2000/svg"
      >
        <g
          fill="none"
          fillRule="evenodd"
        >
          <path
            d="M37.55 47.795l12.43.03-5.238-9.696-44.68.06z"
            fill="#373743"
            opacity="0.2"
          />
          <path
            d="M24.01 0L24 26.054 47 39z"
            fill="#9E1F63"
          />
          <path
            d="M0 39l22.978-12.909L23 0z"
            fill="#FB542B"
          />
          <path
            d="M1 39l44-.002L23.044 27z"
            fill="#662D91"
          />
          <path
            d="M23.426 16L14 31h19z"
            fill="#FFF"
          />
          <path
            d="M23.426 16L14 31h19z"
            stroke="#999EA2"
            strokeWidth="0.88"
          />
        </g>
      </svg>
    </span>
    <div
      className="c2"
    >
      MISSING: braveRewards
       
      <span
        className="c3"
      >
        TM
      </span>
    </div>
  </div>
  <div
    className="c4"
  >
    <div
      className="c5"
      id={undefined}
    >
      <div
        checked={undefined}
        className="c6"
        disabled={undefined}
        size="large"
      >
        MISSING: off
      </div>
      <div
        className="c7"
        data-test-id="toggle"
        onClick={undefined}
        size="large"
      >
        <div
          className="c8"
          disabled={undefined}
          size="large"
        />
        <div
          checked={undefined}
          className="c9"
          disabled={undefined}
          size="large"
          type="dark"
        />
      </div>
    </div>
  </div>
  <div
    className="c10"
  >
    <div
      className="c11"
    >
      MISSING: rewardsWhy
    </div>
    <div
      className="c12"
    >
      MISSING: rewardsOffText1
       
      <br />
      <b>
        MISSING: rewardsOffText2
      </b>
    </div>
    <div
      className="c11"
    >
      MISSING: rewardsOffText3
    </div>
    <div
      className="c12"
    >
      MISSING: rewardsOffText4
    </div>
  </div>
</div>
`;
