// Jest Snapshot v1, https://goo.gl/fbAQLP

exports[`unstyledButton tests matches the snapshot 1`] = `
<button
  className="sc-bdVaJa eJbIPz"
  color={undefined}
  fontSize={undefined}
  height={undefined}
  id={undefined}
  onClick={undefined}
/>
`;
