// Jest Snapshot v1, https://goo.gl/fbAQLP

exports[`ToggleTips tests basic tests matches the snapshot 1`] = `
.c0 {
  background: #F6F6FC;
  display: block;
  width: 100%;
  padding: 10px 30px;
}

.c1 {
  color: #838391;
  font-size: 14px;
  font-weight: normal;
  -webkit-letter-spacing: 0;
  -moz-letter-spacing: 0;
  -ms-letter-spacing: 0;
  letter-spacing: 0;
  line-height: 28px;
}

.c2 {
  color: #4C54D2;
  font-size: 14px;
  font-weight: 500;
  -webkit-letter-spacing: 0;
  -moz-letter-spacing: 0;
  -ms-letter-spacing: 0;
  letter-spacing: 0;
  line-height: 28px;
  margin-right: 5px;
}

.c3 {
  margin-right: 5px;
}

.c4 {
  margin-right: 5px;
  vertical-align: middle;
  width: 22px;
  height: 22px;
  display: inline-block;
}

.c6 {
  font-weight: 600;
  margin-right: 5px;
}

.c9 {
  display: inline-block;
  vertical-align: middle;
  margin-top: 3px;
  text-align: right;
}

.c10 {
  float: right;
  margin-top: 4px;
}

.c7 {
  width: 20px;
  height: 20px;
  display: inline-block;
  margin-top: 5px;
  vertical-align: top;
}

.c8 {
  width: 100%;
  height: 100%;
  fill: currentColor;
}

.c5 {
  width: 100%;
  height: 100%;
  fill: currentColor;
}

.c11 {
  display: -webkit-box;
  display: -webkit-flex;
  display: -ms-flexbox;
  display: flex;
}

.c13 {
  position: relative;
  display: block;
  height: 16px;
  width: 28px;
}

.c14 {
  background: #A7ACB2;
  height: 6px;
  margin-top: 5px;
  width: 100%;
  border-radius: 3px;
}

.c15 {
  position: relative;
  border-radius: 50%;
  -webkit-transition: 200ms ease-out;
  transition: 200ms ease-out;
  --toggle-bullet-size: 16px;
  --toggle-bullet-transform: translate(-1px,calc(-50% - 3px));
  --toggle-bullet-background: #CDD1D5;
  width: var(--toggle-bullet-size);
  height: var(--toggle-bullet-size);
  -webkit-transform: var(--toggle-bullet-transform);
  -ms-transform: var(--toggle-bullet-transform);
  transform: var(--toggle-bullet-transform);
  background-color: var(--toggle-bullet-background);
}

.c12 {
  color: #838391;
  font-size: 12px;
  font-family: Poppins,sans-serif;
  text-align: right;
  -webkit-letter-spacing: 0.4px;
  -moz-letter-spacing: 0.4px;
  -ms-letter-spacing: 0.4px;
  letter-spacing: 0.4px;
  text-transform: uppercase;
  margin: 0px 8px 0 0;
  opacity: 1;
  -webkit-transition: 100ms ease-out;
  transition: 100ms ease-out;
}

<section
  className="c0"
  id="toggle-tips"
>
  <div
    className="c1"
  >
    <span
      className="c2"
    >
      MISSING: enableTips
    </span>
    <span
      className="c3"
    >
      MISSING: on
    </span>
    <span
      className="c4"
    >
      <svg
        aria-hidden="true"
        className="c5"
        focusable="false"
        viewBox="0 0 32 32"
      >
        <g
          fill="none"
        >
          <path
            d="M27.476 10.162a3.039 3.039 0 0 0-2.126-2.148C23.487 7.5 15.985 7.5 15.985 7.5s-7.502.016-9.366.53a3.039 3.039 0 0 0-2.126 2.148C4 12.06 4 16 4 16s0 3.939.508 5.838a3.039 3.039 0 0 0 2.126 2.148C8.498 24.5 16 24.5 16 24.5s7.502 0 9.366-.514a3.039 3.039 0 0 0 2.126-2.148C28 19.954 28 16 28 16s-.015-3.939-.524-5.838z"
            fill="red"
          />
          <path
            d="M14 19.524l6.035-3.512L14 12.5z"
            fill="#FFF"
          />
        </g>
      </svg>
    </span>
    <span
      className="c6"
    >
      YOUTUBE
    </span>
    <span
      className="c3"
    >
      MISSING: for
    </span>
    <span
      className="c7"
    >
      <svg
        aria-hidden="true"
        className="c8"
        focusable="false"
        viewBox="0 0 32 32"
      >
        <path
          d="M24.7012 25.4531c-.031.281-.34.547-.635.547h-8.066c-.579 0-1.514-.333-1.959-.698l-3.041-2.497v-7.805h2.066c.477 0 .888-.337.981-.804.517-2.593 1.404-6.912 1.58-7.466.13-.409.616-.73 1.107-.73.674 0 1.266.561 1.266 1.2v6.471c-.037.104-.067.212-.067.329 0 .552.448 1 1 1h6.754c.107 0 .193.033.248.095.052.057.074.137.065.214l-1.299 10.144zm-18.701-.453h3v-11h-3v11zm21.427-11.238c-.434-.484-1.068-.762-1.74-.762h-5.687v-5.8c0-1.765-1.465-3.2-3.266-3.2-1.356 0-2.624.894-3.013 2.126-.221.693-1.097 5.001-1.474 6.874h-1.247c0-.552-.447-1-1-1h-5c-.553 0-1 .448-1 1v13c0 .552.447 1 1 1h5c.553 0 1-.448 1-1v-.607l1.773 1.456c.802.656 2.19 1.151 3.227 1.151h8.066c1.325 0 2.478-1.022 2.621-2.31l1.299-10.143c.072-.656-.131-1.306-.559-1.785z"
          fillRule="evenodd"
        />
      </svg>
    </span>
    <div
      className="c9"
    >
      <div
        className="c10"
      >
        <div
          className="c11"
        >
          <div
            className="c12"
            size="small"
          >
            MISSING: off
          </div>
          <div
            className="c13"
            data-test-id="toggle"
            size="small"
          >
            <div
              className="c14"
              size="small"
            />
            <div
              className="c15"
              size="small"
              type="dark"
            />
          </div>
        </div>
      </div>
    </div>
  </div>
</section>
`;
