// Jest Snapshot v1, https://goo.gl/fbAQLP

exports[`browserButton tests matches the snapshot 1`] = `
<button
  className="0"
  disabled={undefined}
  id={undefined}
  onClick={undefined}
  style={
    Object {
      "--fontSize": undefined,
      "--size": undefined,
    }
  }
/>
`;
