// Jest Snapshot v1, https://goo.gl/fbAQLP

exports[`textLabel tests matches the snapshot 1`] = `
<p
  className="sc-bdVaJa fijKev"
  color={undefined}
  id={undefined}
  onClick={undefined}
  size={undefined}
>
  testText
</p>
`;
