// Jest Snapshot v1, https://goo.gl/fbAQLP

exports[`MainToggleMobile tests basic tests matches the snapshot 1`] = `
.c0 {
  font-family: Poppins,sans-serif;
  display: -webkit-box;
  display: -webkit-flex;
  display: -ms-flexbox;
  display: flex;
  width: 100%;
  background-color: #fff;
  -webkit-box-pack: justify;
  -webkit-justify-content: space-between;
  -ms-flex-pack: justify;
  justify-content: space-between;
  -webkit-align-items: flex-start;
  -webkit-box-align: flex-start;
  -ms-flex-align: flex-start;
  align-items: flex-start;
  -webkit-align-content: flex-start;
  -ms-flex-line-pack: start;
  align-content: flex-start;
  -webkit-flex-wrap: wrap;
  -ms-flex-wrap: wrap;
  flex-wrap: wrap;
  position: fixed;
  top: 0;
  left: 0;
  height: 61px;
  z-index: 2;
  box-shadow: 0 0 2px 0 rgba(99,105,110,0.55);
}

.c1 {
  -webkit-box-flex: 1;
  -webkit-flex-grow: 1;
  -ms-flex-positive: 1;
  flex-grow: 1;
  -webkit-flex-shrink: 1;
  -ms-flex-negative: 1;
  flex-shrink: 1;
  display: -webkit-box;
  display: -webkit-flex;
  display: -ms-flexbox;
  display: flex;
  -webkit-align-items: center;
  -webkit-box-align: center;
  -ms-flex-align: center;
  align-items: center;
  padding: 0px 13px;
}

.c6 {
  height: 66px;
  position: fixed;
  right: 15px;
  top: 18px;
}

.c4 {
  color: #4B4C5C;
  font-size: 22px;
  font-weight: 500;
  -webkit-letter-spacing: 0.12px;
  -moz-letter-spacing: 0.12px;
  -ms-letter-spacing: 0.12px;
  letter-spacing: 0.12px;
  margin-bottom: -23px;
  line-height: 44px;
}

.c5 {
  font-size: 8px;
  font-weight: 300;
  -webkit-letter-spacing: 0.2px;
  -moz-letter-spacing: 0.2px;
  -ms-letter-spacing: 0.2px;
  letter-spacing: 0.2px;
  text-align: center;
  color: #222326;
  position: relative;
  top: -13px;
  vertical-align: text-top;
}

.c2 {
  width: 30px;
  height: 30px;
  margin-top: 13px;
  margin-right: 5px;
}

.c7 {
  display: -webkit-box;
  display: -webkit-flex;
  display: -ms-flexbox;
  display: flex;
}

.c9 {
  position: relative;
  display: block;
  height: 24px;
  width: 40px;
}

.c10 {
  background: #A7ACB2;
  height: 8px;
  margin-top: 8px;
  width: 100%;
  border-radius: 3px;
}

.c11 {
  position: relative;
  border-radius: 50%;
  -webkit-transition: all .4s ease;
  transition: all .4s ease;
  --toggle-bullet-size: 20px;
  --toggle-bullet-transform: translate(-1px,calc(-50% - 4px));
  --toggle-bullet-background: #CDD1D5;
  width: var(--toggle-bullet-size);
  height: var(--toggle-bullet-size);
  -webkit-transform: var(--toggle-bullet-transform);
  -ms-transform: var(--toggle-bullet-transform);
  transform: var(--toggle-bullet-transform);
  background-color: var(--toggle-bullet-background);
  box-shadow: 0 3px 3px rgba(0,0,0,0.05);
}

.c8 {
  color: #838391;
  font-size: 14px;
  font-family: Poppins,sans-serif;
  text-align: right;
  -webkit-letter-spacing: 0.4px;
  -moz-letter-spacing: 0.4px;
  -ms-letter-spacing: 0.4px;
  letter-spacing: 0.4px;
  text-transform: uppercase;
  margin: 4px 8px 0 0;
  opacity: 1;
  -webkit-transition: 100ms ease-out;
  transition: 100ms ease-out;
}

.c3 {
  width: 100%;
  height: 100%;
  fill: currentColor;
}

@media (max-width:375px) {
  .c4 {
    max-width: 250px;
    word-wrap: break-word;
    display: block;
    line-height: 20px;
    margin-top: -12px;
  }
}

@media (max-width:375px) {
  .c5 {
    top: -2px;
  }
}

<div
  className="c0"
  id="mainToggleMobile"
>
  <div
    className="c1"
  >
    <div
      className="c2"
    >
      <svg
        aria-hidden="true"
        className="c3"
        focusable="false"
        viewBox="0 0 32 32"
      >
        <path
          d="M9.61 23.25h12.78L16 12 9.61 23.25z"
          fill="#fff"
          fillRule="evenodd"
        />
        <path
          d="M3 26.8l7.67-4.52L16 13V4a.45.45 0 0 0-.38.28l-6.27 11-6.26 11a.48.48 0 0 0 0 .48"
          fill="#ff4724"
          fillRule="evenodd"
        />
        <path
          d="M16 4v9l5.29 9.31L29 26.8a.48.48 0 0 0-.05-.48l-6.26-11-6.27-11A.45.45 0 0 0 16 4"
          fill="#9e1f63"
          fillRule="evenodd"
        />
        <path
          d="M29 26.8l-7.67-4.52H10.71L3 26.8a.47.47 0 0 0 .43.2h25.1a.47.47 0 0 0 .43-.2"
          fill="#662d91"
          fillRule="evenodd"
        />
      </svg>
    </div>
    <div
      className="c4"
    >
      MISSING: braveRewards
       
      <span
        className="c5"
      >
        TM
      </span>
    </div>
  </div>
  <div
    className="c6"
  >
    <div
      className="c7"
    >
      <div
        className="c8"
        size="large"
      >
        MISSING: off
      </div>
      <div
        className="c9"
        data-test-id="toggle"
        size="large"
      >
        <div
          className="c10"
          size="large"
        />
        <div
          className="c11"
          size="large"
          type="dark"
        />
      </div>
    </div>
  </div>
</div>
`;
