// Jest Snapshot v1, https://goo.gl/fbAQLP

exports[`Tip tests basic tests matches the snapshot 1`] = `
.c0 {
  border-radius: 8px;
  background-image: linear-gradient(148deg,#2825a7,#5465e8),linear-gradient(#696fdc,#696fdc);
  width: 214px;
  overflow: hidden;
  position: relative;
  padding: 16px 0 0;
  font-family: Poppins,sans-serif;
}

.c3 {
  font-size: 12px;
  line-height: 1.83;
  color: #fff;
  opacity: 0.6;
  padding-left: 23px;
}

.c9 {
  display: inline-block;
  margin-left: 33px;
  vertical-align: middle;
  padding-top: 2px;
}

.c8 {
  opacity: 0.65;
  font-size: 10px;
  line-height: 1.5;
  color: #fff;
}

.c1 {
  position: absolute;
  top: 12px;
  right: 12px;
  border: none;
  background: none;
  padding: 0;
  cursor: pointer;
  color: #DFDFE8;
  width: 20px;
  z-index: 2;
}

.c7 {
  display: -webkit-box;
  display: -webkit-flex;
  display: -ms-flexbox;
  display: flex;
  max-width: 160px;
  margin-bottom: 7px;
}

.c4 {
  position: relative;
  font-family: Poppins,sans-serif;
  --donate-content-padding: 0 0 0 23px;
  --donate-send-bg: #392dd1;
  --donate-send-color: #fff;
  --donate-send-padding: 11px 0 10px 47px;
  --donate-funds-padding: 12px 0 11px 25px;
}

.c5 {
  padding: var(--donate-content-padding);
}

.c6 {
  font-size: 16px;
  font-weight: 600;
  line-height: 1.75;
  color: #fff;
  margin-bottom: 14px;
  white-space: nowrap;
  overflow: hidden;
  text-overflow: ellipsis;
  max-width: 167px;
}

.c15 {
  background: var(--donate-send-bg);
  font-size: 13px;
  font-weight: 600;
  -webkit-letter-spacing: 0.2px;
  -moz-letter-spacing: 0.2px;
  -ms-letter-spacing: 0.2px;
  letter-spacing: 0.2px;
  color: var(--donate-send-color);
  padding: var(--donate-send-padding);
  text-transform: uppercase;
  border: none;
  width: 100%;
  text-align: left;
  cursor: pointer;
}

.c16 {
  vertical-align: middle;
  display: inline-block;
  margin-right: 15px;
  color: #a1a8f2;
  width: 29px;
  height: 29px;
}

.c2 {
  width: 100%;
  height: 100%;
  fill: currentColor;
}

.c17 {
  width: 100%;
  height: 100%;
  fill: currentColor;
}

.c10 {
  display: -webkit-box;
  display: -webkit-flex;
  display: -ms-flexbox;
  display: flex;
}

.c12 {
  position: relative;
  display: block;
  height: 16px;
  width: 28px;
}

.c13 {
  background: #A7ACB2;
  height: 6px;
  margin-top: 5px;
  width: 100%;
  border-radius: 3px;
}

.c14 {
  position: relative;
  border-radius: 50%;
  -webkit-transition: 200ms ease-out;
  transition: 200ms ease-out;
  --toggle-bullet-size: 16px;
  --toggle-bullet-transform: translate(-1px,calc(-50% - 3px));
  --toggle-bullet-background: #CDD1D5;
  width: var(--toggle-bullet-size);
  height: var(--toggle-bullet-size);
  -webkit-transform: var(--toggle-bullet-transform);
  -ms-transform: var(--toggle-bullet-transform);
  transform: var(--toggle-bullet-transform);
  background-color: var(--toggle-bullet-background);
}

.c11 {
  color: #838391;
  font-size: 12px;
  font-family: Poppins,sans-serif;
  text-align: right;
  -webkit-letter-spacing: 0.4px;
  -moz-letter-spacing: 0.4px;
  -ms-letter-spacing: 0.4px;
  letter-spacing: 0.4px;
  text-transform: uppercase;
  margin: 0px 8px 0 0;
  opacity: 1;
  -webkit-transition: 100ms ease-out;
  transition: 100ms ease-out;
}

<div
  className="c0"
  id="tip"
>
  <button
    className="c1"
  >
    <svg
      aria-hidden="true"
      className="c2"
      focusable="false"
      viewBox="0 0 32 32"
    >
      <path
        d="M15.77817 14.36396l7.07107-7.07107c.39053-.39052 1.0237-.39052 1.41422 0 .39052.39053.39052 1.0237 0 1.41422l-7.07107 7.07106 7.07107 7.07107c.39052.39053.39052 1.0237 0 1.41422-.39053.39052-1.0237.39052-1.41422 0l-7.07107-7.07107-7.07106 7.07107c-.39053.39052-1.0237.39052-1.41422 0-.39052-.39053-.39052-1.0237 0-1.41422l7.07107-7.07107L7.2929 8.70711c-.39052-.39053-.39052-1.0237 0-1.41422.39053-.39052 1.0237-.39052 1.41422 0l7.07106 7.07107z"
      />
    </svg>
  </button>
  <div
    className="c3"
  >
    Send my tip to
  </div>
  <div
    className="c4"
    disabled={false}
  >
    <div
      className="c5"
    >
      <div
        className="c6"
      >
        
      </div>
      <div
        className="c7"
      >
        <span
          className="c8"
        >
          MISSING: allowTip
           
        </span>
        <span
          className="c9"
        >
          <div
            className="c10"
          >
            <div
              className="c11"
              size="small"
            >
              MISSING: off
            </div>
            <div
              className="c12"
              data-test-id="toggle"
              onClick={[Function]}
              size="small"
            >
              <div
                className="c13"
                size="small"
              />
              <div
                className="c14"
                size="small"
                type="light"
              />
            </div>
          </div>
        </span>
      </div>
    </div>
    <button
      className="c15"
      onClick={[Function]}
    >
      <span
        className="c16"
        disabled={false}
      >
        <svg
          aria-hidden="true"
          className="c17"
          focusable="false"
          viewBox="0 0 32 32"
        >
          <path
            d="M16.508 24.6169l-2.534-5.629 9.725-9.41-7.191 15.039zm5.876-16.55l-9.773 9.458-5.341-2.954 15.114-6.504zm5.605-3.011c.003-.038.001-.073-.001-.111-.003-.083-.018-.163-.042-.244-.011-.034-.019-.068-.033-.102-.047-.108-.107-.211-.192-.3h-.001c0-.001 0-.002-.001-.002-.004-.004-.009-.005-.013-.009-.083-.084-.179-.146-.281-.194-.034-.016-.067-.025-.103-.037-.079-.027-.159-.044-.242-.051-.037-.003-.071-.007-.108-.006-.092.003-.181.02-.27.048-.025.008-.051.01-.076.02-.007.003-.014.003-.021.006l-22 9.466c-.351.151-.584.488-.604.869-.018.381.181.74.515.925l7.482 4.138 3.571 7.931c.16.355.511.585.9.589h.012c.384 0 .736-.221.902-.569l10.52-22c.003-.008.003-.016.006-.024.013-.027.016-.054.026-.082.029-.086.05-.172.054-.261z"
            fillRule="evenodd"
          />
        </svg>
      </span>
      MISSING: sendTip
    </button>
  </div>
</div>
`;
