// Jest Snapshot v1, https://goo.gl/fbAQLP

exports[`BoxAlert tests basic tests matches the snapshot 1`] = `
.c0 {
  width: 100%;
  display: -webkit-box;
  display: -webkit-flex;
  display: -ms-flexbox;
  display: flex;
  -webkit-align-items: center;
  -webkit-box-align: center;
  -ms-flex-align: center;
  align-items: center;
  -webkit-box-pack: center;
  -webkit-justify-content: center;
  -ms-flex-pack: center;
  justify-content: center;
  background: #f0f8ff;
  padding: 16px;
  box-shadow: 0 2px 4px rgba(0,0,0,0.2);
  border-radius: 4px;
}

.c1 {
  width: 24px;
  height: 24px;
  margin: 8px;
  color: #339af0;
}

.c3 {
  font-size: 16px;
  font-family: Muli,sans-serif;
  color: #5e6175;
  display: -webkit-box;
  display: -webkit-flex;
  display: -ms-flexbox;
  display: flex;
  -webkit-align-items: center;
  -webkit-box-align: center;
  -ms-flex-align: center;
  align-items: center;
}

.c4 {
  display: -webkit-box;
  display: -webkit-flex;
  display: -ms-flexbox;
  display: flex;
  -webkit-align-items: center;
  -webkit-box-align: center;
  -ms-flex-align: center;
  align-items: center;
}

.c2 {
  width: 100%;
  height: 100%;
  fill: currentColor;
}

<div
  className="c0"
>
  <div
    className="c1"
  >
    <svg
      aria-hidden="true"
      className="c2"
      focusable="false"
      viewBox="0 0 32 32"
    >
      <path
        d="M16 28C9.37258 28 4 22.62742 4 16S9.37258 4 16 4s12 5.37258 12 12-5.37258 12-12 12zm0-2c5.52285 0 10-4.47715 10-10S21.52285 6 16 6 6 10.47715 6 16s4.47715 10 10 10zm0-4c-.55228 0-1-.44772-1-1s.44772-1 1-1 1 .44772 1 1-.44772 1-1 1zm-1-11c0-.55228.44772-1 1-1s1 .44772 1 1v6.07107c0 .55228-.44772 1-1 1s-1-.44772-1-1V11z"
      />
    </svg>
  </div>
  <div
    className="c3"
  >
    <span
      className="c4"
    >
      MISSING: adsNotSupported
    </span>
  </div>
</div>
`;
