// Jest Snapshot v1, https://goo.gl/fbAQLP

exports[`ModalContribute tests basic tests matches the snapshot 1`] = `
.c4 {
  font-family: Poppins,sans-serif;
}

.c5 {
  font-size: 16px;
  font-weight: 600;
  line-height: 2;
  color: #4b4c5c;
}

.c6 {
  font-size: 28px;
  color: #696fdc;
  margin-bottom: 33px;
}

.c7 {
  font-weight: 500;
  color: #0c0d21;
}

.c0 {
  position: fixed;
  top: 0;
  left: 0;
  width: 100%;
  height: 100vh;
  background: rgba(12,13,33,0.85);
  z-index: 99;
  padding: 0 20px;
  overflow: hidden;
}

.c1 {
  max-width: 920px;
  margin: 52px auto;
  background: #fff;
  border-radius: 6px;
  overflow: hidden;
  position: relative;
}

.c2 {
  position: absolute;
  top: 19px;
  right: 19px;
  padding: 10px;
  cursor: pointer;
}

.c3 {
  padding: 61px 50px;
  overflow-y: auto;
  max-height: calc(100vh - 100px);
}

.c10 {
  text-align: right;
}

.c11 {
  padding-right: 10px;
}

.c12 {
  text-align: center;
  padding: 30px 0;
  color: #999ea2;
  font-size: 14px;
}

.c8 {
  width: 100%;
  margin-bottom: 11px;
}

.c9 {
  text-transform: uppercase;
  text-align: left;
  font-family: Poppins,sans-serif;
  font-size: 12px;
  font-weight: 500;
  line-height: 2.33;
  border-bottom: 2px solid #dedfe4;
  border-top: 2px solid #dedfe4;
  color: #4B4C5C;
  padding: 9px 0;
}

<div
  className="c0"
  id="modal"
  onClick={[Function]}
>
  <div
    className="c1"
  >
    <div
      className="c2"
      onClick={undefined}
    >
      <svg
        height="11"
        width="11"
        xmlns="http://www.w3.org/2000/svg"
      >
        <path
          d="M1.017 11l-.982-.971L4.551 5.48 0 .976.969 0l4.547 4.502L9.923.066l.985.975-4.407 4.436L11 9.932l-.969.977-4.499-4.456z"
          fill="#DFDFE8"
          fillRule="evenodd"
        />
      </svg>
    </div>
    <div
      className="c3"
    >
      <div
        className="c4"
      >
        <div
          className="c5"
        >
          MISSING: rewardsContribute
        </div>
        <div
          className="c6"
        >
          MISSING: rewardsContributeText1
           
          <span
            className="c7"
          >
            0
          </span>
           
          MISSING: sites
          .
        </div>
        <div
          id={undefined}
        >
          <div
            id={undefined}
          >
            <table
              className="c8"
            >
              <thead>
                <tr>
                  <th
                    className="c9"
                  >
                    <div>
                      MISSING: site
                    </div>
                  </th>
                  <th
                    className="c9"
                  >
                    <div
                      className="c10"
                    >
                      MISSING: rewardsContributeAttention
                    </div>
                  </th>
                  <th
                    className="c9"
                  >
                    <div
                      className="c11 c10"
                    >
                      
                    </div>
                  </th>
                </tr>
              </thead>
            </table>
            <div
              className="c12"
            />
          </div>
        </div>
      </div>
    </div>
  </div>
</div>
`;
