// Jest Snapshot v1, https://goo.gl/fbAQLP

exports[`ModalBackupRestore tests basic tests matches the snapshot 1`] = `
.c17 {
  --button-main-color: #C5C5D3;
  --button-main-color-hover: #A0A1B2;
  --button-main-color-active: #E9E9F4;
  --button-state-color: var(--button-main-color);
  --icon-size: 14px;
  --icon-spacing: 6px;
  --webkit-appearance: none;
  box-sizing: border-box;
  background: none;
  border: none;
  outline: none;
  display: -webkit-box;
  display: -webkit-flex;
  display: -ms-flexbox;
  display: flex;
  -webkit-flex-direction: row-reverse;
  -ms-flex-direction: row-reverse;
  flex-direction: row-reverse;
  -webkit-box-pack: center;
  -webkit-justify-content: center;
  -ms-flex-pack: center;
  justify-content: center;
  -webkit-align-items: center;
  -webkit-box-align: center;
  -ms-flex-align: center;
  align-items: center;
  font-family: Poppins,sans-serif;
  cursor: pointer;
  -webkit-user-select: none;
  -moz-user-select: none;
  -ms-user-select: none;
  user-select: none;
  font-size: 11px;
  border-radius: 16px;
  width: auto;
  min-width: 88px;
  padding: 7px 10px;
  border: 1px solid;
  color: var(--button-state-color);
}

.c17:hover:enabled {
  --button-state-color: var(--button-main-color-hover);
}

.c17:active:enabled {
  --button-state-color: var(--button-main-color-active);
}

.c20 {
  --button-main-color: #242536;
  --button-main-color-hover: #131525;
  --button-main-color-active: #343546;
  --button-state-color: var(--button-main-color);
  --icon-size: 16px;
  --icon-spacing: 6px;
  --webkit-appearance: none;
  box-sizing: border-box;
  background: none;
  border: none;
  outline: none;
  display: -webkit-box;
  display: -webkit-flex;
  display: -ms-flexbox;
  display: flex;
  -webkit-flex-direction: row-reverse;
  -ms-flex-direction: row-reverse;
  flex-direction: row-reverse;
  -webkit-box-pack: center;
  -webkit-justify-content: center;
  -ms-flex-pack: center;
  justify-content: center;
  -webkit-align-items: center;
  -webkit-box-align: center;
  -ms-flex-align: center;
  align-items: center;
  font-family: Poppins,sans-serif;
  cursor: pointer;
  -webkit-user-select: none;
  -moz-user-select: none;
  -ms-user-select: none;
  user-select: none;
  font-size: 13px;
  border-radius: 20px;
  width: auto;
  min-width: 104px;
  padding: 11px 10px;
  border: 1px solid;
  color: var(--button-state-color);
}

.c20:hover:enabled {
  --button-state-color: var(--button-main-color-hover);
}

.c20:active:enabled {
  --button-state-color: var(--button-main-color-active);
}

.c18 {
  min-height: var(--icon-size);
  display: -webkit-box;
  display: -webkit-flex;
  display: -ms-flexbox;
  display: flex;
  -webkit-align-items: center;
  -webkit-box-align: center;
  -ms-flex-align: center;
  align-items: center;
  text-align: center;
  -webkit-letter-spacing: 0;
  -moz-letter-spacing: 0;
  -ms-letter-spacing: 0;
  letter-spacing: 0;
  font-weight: 600;
  text-transform: none;
  line-height: 1;
}

.c5 {
  margin-top: 33px;
}

.c10 {
  font-family: Muli,sans-serif;
  font-size: 16px;
  font-weight: 300;
  line-height: 1.63;
  color: #686978;
  margin-bottom: 39px;
}

.c15 {
  text-align: center;
  display: -webkit-box;
  display: -webkit-flex;
  display: -ms-flexbox;
  display: flex;
}

.c16 {
  margin: 0 4px;
}

.c19 {
  text-align: center;
  margin-top: 59px;
}

.c3 {
  width: 100%;
  height: 100%;
  fill: currentColor;
}

.c11 {
  width: 100%;
  margin-bottom: 12px;
}

.c12 {
  width: 100%;
  font-family: Poppins,sans-serif;
  line-height: normal;
  font-size: 14px;
  font-weight: 500;
  margin-bottom: 7px;
  padding-left: 2px;
  -webkit-letter-spacing: 0;
  -moz-letter-spacing: 0;
  -ms-letter-spacing: 0;
  letter-spacing: 0;
  --controlWrapper-label-color: #686978;
  color: var(--controlWrapper-label-color);
}

.c0 {
  position: fixed;
  top: 0;
  left: 0;
  width: 100%;
  height: 100vh;
  background: rgba(12,13,33,0.85);
  z-index: 99;
  padding: 0 20px;
  overflow: hidden;
}

.c1 {
  max-width: 666px;
  margin: 52px auto;
  background: #fff;
  border-radius: 6px;
  overflow: hidden;
  position: relative;
}

.c2 {
  position: absolute;
  top: 19px;
  right: 19px;
  cursor: pointer;
  width: 27px;
  height: 27px;
  color: #B8B9C4;
}

.c4 {
  padding: 61px 50px;
  overflow-y: auto;
  max-height: calc(100vh - 100px);
}

.c6 {
  border-bottom: 1px solid #DFDFE8;
  text-align: center;
  font-family: Poppins,sans-serif;
}

.c7 {
  border-radius: 6px 6px 0 0;
  border: 1px solid #DFDFE8;
  border-bottom: 1px solid #FFF;
  color: #FB542B;
  font-size: 16px;
  font-weight: 500;
  -webkit-letter-spacing: -0.29px;
  -moz-letter-spacing: -0.29px;
  -ms-letter-spacing: -0.29px;
  letter-spacing: -0.29px;
  line-height: 44px;
  display: inline-block;
  cursor: pointer;
  min-width: 230px;
  padding: 0 10px;
  margin: 0 2px;
  position: relative;
  top: 1px;
}

.c8 {
  border-radius: 6px 6px 0 0;
  border: 1px solid #DFDFE8;
  border-bottom: 1px solid #DFDFE8;
  color: #686978;
  font-size: 16px;
  font-weight: 500;
  -webkit-letter-spacing: -0.29px;
  -moz-letter-spacing: -0.29px;
  -ms-letter-spacing: -0.29px;
  letter-spacing: -0.29px;
  line-height: 44px;
  display: inline-block;
  cursor: pointer;
  min-width: 230px;
  padding: 0 10px;
  margin: 0 2px;
  position: relative;
  top: 1px;
}

.c9 {
  padding: 34px 56px 20px;
}

.c13 {
  width: 100%;
}

.c14 {
  min-height: 140px;
  box-sizing: border-box;
  width: 100%;
  font-family: Muli,sans-serif;
  border: 1px solid #E5E5EA;
  color: #D1D1DB;
  border-radius: 6px;
  padding: 15px 20px;
  font-size: 16px;
  line-height: 26px;
}

.c14:focus {
  border-color: #A1A8F2;
  outline: none;
}

<div
  className="c0"
  id="modal"
  onClick={[Function]}
>
  <div
    className="c1"
    size="small"
  >
    <div
      className="c2"
      onClick={[Function]}
    >
      <svg
        aria-hidden="true"
        className="c3"
        focusable="false"
        viewBox="0 0 32 32"
      >
        <path
          d="M15.77817 14.36396l7.07107-7.07107c.39053-.39052 1.0237-.39052 1.41422 0 .39052.39053.39052 1.0237 0 1.41422l-7.07107 7.07106 7.07107 7.07107c.39052.39053.39052 1.0237 0 1.41422-.39053.39052-1.0237.39052-1.41422 0l-7.07107-7.07107-7.07106 7.07107c-.39053.39052-1.0237.39052-1.41422 0-.39052-.39053-.39052-1.0237 0-1.41422l7.07107-7.07107L7.2929 8.70711c-.39052-.39053-.39052-1.0237 0-1.41422.39053-.39052 1.0237-.39052 1.41422 0l7.07106 7.07107z"
        />
      </svg>
    </div>
    <div
      className="c4"
    >
      <div
        className="c5"
      >
        <div>
          <div
            className="c6"
          >
            <div
              className="c7"
              onClick={[Function]}
              selected={true}
            >
              MISSING: rewardsBackupText1
            </div>
            <div
              className="c8"
              onClick={[Function]}
              selected={false}
            >
              MISSING: rewardsRestoreText1
            </div>
          </div>
          <div
            className="c9"
          >
            <div
              className="c10"
            >
              MISSING: rewardsBackupText2
            </div>
            <div
              className="c11"
            >
              <div
                className="c12"
                disabled={false}
                type="light"
              >
                MISSING: recoveryKeys
              </div>
              <div
                className="c13"
              >
                <textarea
                  className="c14"
                  disabled={true}
                />
              </div>
            </div>
            <div
              className="c15"
            >
              <button
                className="c16 c17"
                onClick={[Function]}
                size="small"
                type="subtle"
              >
                <div
                  className="c18"
                  onClick={[Function]}
                  size="small"
                  type="subtle"
                >
                  MISSING: copy
                </div>
              </button>
              <button
                className="c16 c17"
                onClick={[Function]}
                size="small"
                type="subtle"
              >
                <div
                  className="c18"
                  onClick={[Function]}
                  size="small"
                  type="subtle"
                >
                  MISSING: print
                </div>
              </button>
              <button
                className="c16 c17"
                onClick={[Function]}
                size="small"
                type="subtle"
              >
                <div
                  className="c18"
                  onClick={[Function]}
                  size="small"
                  type="subtle"
                >
                  MISSING: saveAsFile
                </div>
              </button>
            </div>
            <div
              className="c19"
            >
              <button
                className="c20"
                onClick={[Function]}
                size="medium"
                type="default"
              >
                <div
                  className="c18"
                  onClick={[Function]}
                  size="medium"
                  type="default"
                >
                  MISSING: done
                </div>
              </button>
            </div>
          </div>
        </div>
      </div>
    </div>
  </div>
</div>
`;
